device=cuda  pairs=4412  videos=77 (train 62 / val 15)  ->  train 3692 / val 720 frames
unet base_ch=32: 1.927M params (~7.7 MB fp32)
/home/siddharth_amerahealthsolutions_c/train_segmenter.py:239: FutureWarning: `torch.cuda.amp.GradScaler(args...)` is deprecated. Please use `torch.amp.GradScaler('cuda', args...)` instead.
  scaler = torch.cuda.amp.GradScaler(enabled=(device == "cuda"))
ep   1/60  loss 1.4693  val IoU 0.1482  Dice 0.2343  areaErr 0.0613  (31s)
ep   2/60  loss 1.3064  val IoU 0.2040  Dice 0.2957  areaErr 0.0391  (32s)
ep   3/60  loss 1.1985  val IoU 0.2254  Dice 0.3207  areaErr 0.0461  (32s)
ep   4/60  loss 1.1091  val IoU 0.2798  Dice 0.3831  areaErr 0.0445  (34s)
ep   5/60  loss 1.0326  val IoU 0.2485  Dice 0.3594  areaErr 0.0606  (32s)
ep   6/60  loss 0.9602  val IoU 0.2949  Dice 0.4134  areaErr 0.0646  (32s)
ep   7/60  loss 0.8947  val IoU 0.2744  Dice 0.3909  areaErr 0.0544  (32s)
ep   8/60  loss 0.8380  val IoU 0.3205  Dice 0.4313  areaErr 0.0501  (32s)
ep   9/60  loss 0.7763  val IoU 0.3811  Dice 0.4908  areaErr 0.0388  (32s)
ep  10/60  loss 0.7293  val IoU 0.3544  Dice 0.4629  areaErr 0.0441  (31s)
ep  11/60  loss 0.6876  val IoU 0.3907  Dice 0.5001  areaErr 0.0317  (33s)
ep  12/60  loss 0.6536  val IoU 0.3677  Dice 0.4872  areaErr 0.0621  (32s)
ep  13/60  loss 0.6243  val IoU 0.3881  Dice 0.5023  areaErr 0.0323  (31s)
ep  14/60  loss 0.6002  val IoU 0.3753  Dice 0.4909  areaErr 0.0397  (32s)
ep  15/60  loss 0.5871  val IoU 0.3981  Dice 0.5019  areaErr 0.0364  (31s)
ep  16/60  loss 0.5665  val IoU 0.4013  Dice 0.5161  areaErr 0.0296  (31s)
ep  17/60  loss 0.5550  val IoU 0.3990  Dice 0.5103  areaErr 0.0336  (33s)
ep  18/60  loss 0.5356  val IoU 0.4037  Dice 0.5202  areaErr 0.0484  (31s)
ep  19/60  loss 0.5281  val IoU 0.4198  Dice 0.5339  areaErr 0.0353  (29s)
ep  20/60  loss 0.5228  val IoU 0.3066  Dice 0.4179  areaErr 0.0537  (30s)
ep  21/60  loss 0.5189  val IoU 0.4356  Dice 0.5463  areaErr 0.0358  (30s)
ep  22/60  loss 0.5091  val IoU 0.4473  Dice 0.5540  areaErr 0.0296  (32s)
ep  23/60  loss 0.5034  val IoU 0.4395  Dice 0.5466  areaErr 0.0308  (31s)
ep  24/60  loss 0.5027  val IoU 0.4125  Dice 0.5245  areaErr 0.0353  (31s)
ep  25/60  loss 0.4975  val IoU 0.4376  Dice 0.5438  areaErr 0.0340  (30s)
ep  26/60  loss 0.4859  val IoU 0.4464  Dice 0.5515  areaErr 0.0331  (31s)
ep  27/60  loss 0.4830  val IoU 0.4649  Dice 0.5695  areaErr 0.0292  (32s)
ep  28/60  loss 0.4703  val IoU 0.4533  Dice 0.5567  areaErr 0.0316  (31s)
ep  29/60  loss 0.4690  val IoU 0.4574  Dice 0.5674  areaErr 0.0333  (31s)
ep  30/60  loss 0.4696  val IoU 0.4447  Dice 0.5539  areaErr 0.0318  (32s)
ep  31/60  loss 0.4624  val IoU 0.4579  Dice 0.5638  areaErr 0.0321  (32s)
ep  32/60  loss 0.4620  val IoU 0.4644  Dice 0.5693  areaErr 0.0294  (32s)
ep  33/60  loss 0.4556  val IoU 0.4516  Dice 0.5596  areaErr 0.0323  (32s)
ep  34/60  loss 0.4504  val IoU 0.4458  Dice 0.5526  areaErr 0.0355  (31s)
ep  35/60  loss 0.4489  val IoU 0.4549  Dice 0.5598  areaErr 0.0334  (31s)
ep  36/60  loss 0.4490  val IoU 0.4538  Dice 0.5621  areaErr 0.0341  (30s)
ep  37/60  loss 0.4413  val IoU 0.4391  Dice 0.5461  areaErr 0.0366  (29s)
ep  38/60  loss 0.4341  val IoU 0.4627  Dice 0.5669  areaErr 0.0298  (33s)
ep  39/60  loss 0.4299  val IoU 0.4626  Dice 0.5688  areaErr 0.0300  (30s)
ep  40/60  loss 0.4275  val IoU 0.4693  Dice 0.5706  areaErr 0.0334  (29s)
ep  41/60  loss 0.4272  val IoU 0.4521  Dice 0.5578  areaErr 0.0341  (33s)
ep  42/60  loss 0.4269  val IoU 0.4538  Dice 0.5638  areaErr 0.0330  (30s)
ep  43/60  loss 0.4188  val IoU 0.4619  Dice 0.5703  areaErr 0.0320  (32s)
ep  44/60  loss 0.4203  val IoU 0.4610  Dice 0.5660  areaErr 0.0332  (32s)
ep  45/60  loss 0.4122  val IoU 0.4602  Dice 0.5646  areaErr 0.0342  (30s)
ep  46/60  loss 0.4129  val IoU 0.4647  Dice 0.5733  areaErr 0.0322  (30s)
ep  47/60  loss 0.4096  val IoU 0.4584  Dice 0.5645  areaErr 0.0310  (32s)
ep  48/60  loss 0.4060  val IoU 0.4630  Dice 0.5668  areaErr 0.0330  (28s)
ep  49/60  loss 0.4066  val IoU 0.4626  Dice 0.5669  areaErr 0.0338  (31s)
ep  50/60  loss 0.4009  val IoU 0.4608  Dice 0.5682  areaErr 0.0324  (32s)
ep  51/60  loss 0.4071  val IoU 0.4607  Dice 0.5666  areaErr 0.0333  (32s)
ep  52/60  loss 0.4013  val IoU 0.4587  Dice 0.5656  areaErr 0.0320  (31s)
ep  53/60  loss 0.3952  val IoU 0.4589  Dice 0.5658  areaErr 0.0332  (30s)
ep  54/60  loss 0.3988  val IoU 0.4610  Dice 0.5667  areaErr 0.0322  (32s)
ep  55/60  loss 0.3941  val IoU 0.4643  Dice 0.5688  areaErr 0.0327  (32s)
ep  56/60  loss 0.3962  val IoU 0.4620  Dice 0.5683  areaErr 0.0324  (28s)
ep  57/60  loss 0.3949  val IoU 0.4621  Dice 0.5678  areaErr 0.0332  (24s)
ep  58/60  loss 0.3898  val IoU 0.4615  Dice 0.5671  areaErr 0.0333  (24s)
ep  59/60  loss 0.3955  val IoU 0.4614  Dice 0.5670  areaErr 0.0337  (24s)
ep  60/60  loss 0.3936  val IoU 0.4626  Dice 0.5680  areaErr 0.0331  (24s)

BEST val IoU 0.4693 (below 0.85 bar)  |  1.927M params  ->  /home/siddharth_amerahealthsolutions_c/weights_seg/octo_seg_aug_ch32.pt
