device=cuda  pairs=5800  videos=94 (train 76 / val 18)  ->  train 4560 / val 1240 frames
lraspp: 3.218M params (~12.9 MB fp32)
/home/siddharth_amerahealthsolutions_c/train_segmenter.py:239: FutureWarning: `torch.cuda.amp.GradScaler(args...)` is deprecated. Please use `torch.amp.GradScaler('cuda', args...)` instead.
  scaler = torch.cuda.amp.GradScaler(enabled=(device == "cuda"))
ep   1/60  loss 1.0215  val IoU 0.3474  Dice 0.4242  areaErr 0.0230  (65s)
ep   2/60  loss 0.7530  val IoU 0.4004  Dice 0.4867  areaErr 0.0200  (64s)
ep   3/60  loss 0.6766  val IoU 0.3899  Dice 0.4787  areaErr 0.0210  (64s)
ep   4/60  loss 0.6487  val IoU 0.3893  Dice 0.4761  areaErr 0.0205  (64s)
ep   5/60  loss 0.6310  val IoU 0.4415  Dice 0.5235  areaErr 0.0203  (65s)
ep   6/60  loss 0.5832  val IoU 0.4758  Dice 0.5554  areaErr 0.0200  (64s)
ep   7/60  loss 0.4859  val IoU 0.4528  Dice 0.5307  areaErr 0.0215  (66s)
ep   8/60  loss 0.4773  val IoU 0.4813  Dice 0.5655  areaErr 0.0202  (64s)
ep   9/60  loss 0.4615  val IoU 0.4800  Dice 0.5616  areaErr 0.0200  (66s)
ep  10/60  loss 0.4533  val IoU 0.5003  Dice 0.5812  areaErr 0.0196  (64s)
ep  11/60  loss 0.4512  val IoU 0.4990  Dice 0.5743  areaErr 0.0198  (64s)
ep  12/60  loss 0.4436  val IoU 0.4912  Dice 0.5691  areaErr 0.0196  (63s)
ep  13/60  loss 0.4355  val IoU 0.5240  Dice 0.5974  areaErr 0.0194  (66s)
ep  14/60  loss 0.4167  val IoU 0.4929  Dice 0.5712  areaErr 0.0198  (65s)
ep  15/60  loss 0.4048  val IoU 0.5034  Dice 0.5839  areaErr 0.0192  (66s)
ep  16/60  loss 0.4002  val IoU 0.4823  Dice 0.5646  areaErr 0.0196  (65s)
ep  17/60  loss 0.4114  val IoU 0.4989  Dice 0.5799  areaErr 0.0193  (65s)
ep  18/60  loss 0.3899  val IoU 0.5112  Dice 0.5919  areaErr 0.0196  (65s)
ep  19/60  loss 0.3818  val IoU 0.5114  Dice 0.5900  areaErr 0.0206  (64s)
ep  20/60  loss 0.3796  val IoU 0.5051  Dice 0.5849  areaErr 0.0214  (65s)
ep  21/60  loss 0.3683  val IoU 0.5093  Dice 0.5890  areaErr 0.0228  (65s)
ep  22/60  loss 0.3785  val IoU 0.5286  Dice 0.6105  areaErr 0.0179  (66s)
ep  23/60  loss 0.3754  val IoU 0.5167  Dice 0.5985  areaErr 0.0204  (65s)
ep  24/60  loss 0.3646  val IoU 0.5284  Dice 0.6102  areaErr 0.0189  (64s)
ep  25/60  loss 0.3652  val IoU 0.4958  Dice 0.5787  areaErr 0.0213  (63s)
ep  26/60  loss 0.3610  val IoU 0.5021  Dice 0.5839  areaErr 0.0194  (64s)
ep  27/60  loss 0.3539  val IoU 0.5118  Dice 0.5907  areaErr 0.0188  (65s)
ep  28/60  loss 0.3740  val IoU 0.5032  Dice 0.5821  areaErr 0.0197  (65s)
ep  29/60  loss 0.3553  val IoU 0.5131  Dice 0.5922  areaErr 0.0189  (64s)
ep  30/60  loss 0.3445  val IoU 0.5097  Dice 0.5892  areaErr 0.0195  (64s)
ep  31/60  loss 0.3399  val IoU 0.5151  Dice 0.5942  areaErr 0.0183  (65s)
ep  32/60  loss 0.3299  val IoU 0.5152  Dice 0.5956  areaErr 0.0178  (66s)
ep  33/60  loss 0.3479  val IoU 0.4984  Dice 0.5784  areaErr 0.0193  (65s)
ep  34/60  loss 0.3456  val IoU 0.5113  Dice 0.5911  areaErr 0.0194  (65s)
ep  35/60  loss 0.3312  val IoU 0.5091  Dice 0.5887  areaErr 0.0191  (63s)
ep  36/60  loss 0.3402  val IoU 0.5206  Dice 0.5994  areaErr 0.0190  (63s)
ep  37/60  loss 0.3299  val IoU 0.5144  Dice 0.5915  areaErr 0.0193  (63s)
ep  38/60  loss 0.3209  val IoU 0.5100  Dice 0.5875  areaErr 0.0190  (63s)
ep  39/60  loss 0.3230  val IoU 0.5094  Dice 0.5876  areaErr 0.0188  (65s)
ep  40/60  loss 0.3178  val IoU 0.5173  Dice 0.5960  areaErr 0.0186  (64s)
ep  41/60  loss 0.3111  val IoU 0.5172  Dice 0.5949  areaErr 0.0188  (64s)
ep  42/60  loss 0.3170  val IoU 0.5159  Dice 0.5935  areaErr 0.0184  (64s)
ep  43/60  loss 0.3124  val IoU 0.5166  Dice 0.5941  areaErr 0.0188  (64s)
ep  44/60  loss 0.3073  val IoU 0.5195  Dice 0.5976  areaErr 0.0188  (64s)
ep  45/60  loss 0.3014  val IoU 0.5175  Dice 0.5955  areaErr 0.0191  (64s)
ep  46/60  loss 0.2979  val IoU 0.5163  Dice 0.5936  areaErr 0.0191  (63s)
ep  47/60  loss 0.3006  val IoU 0.5183  Dice 0.5957  areaErr 0.0187  (64s)
ep  48/60  loss 0.2975  val IoU 0.5181  Dice 0.5960  areaErr 0.0188  (65s)
ep  49/60  loss 0.2954  val IoU 0.5176  Dice 0.5958  areaErr 0.0186  (64s)
ep  50/60  loss 0.2904  val IoU 0.5170  Dice 0.5950  areaErr 0.0187  (64s)
ep  51/60  loss 0.2948  val IoU 0.5185  Dice 0.5967  areaErr 0.0187  (64s)
ep  52/60  loss 0.2925  val IoU 0.5180  Dice 0.5961  areaErr 0.0187  (63s)
ep  53/60  loss 0.2906  val IoU 0.5184  Dice 0.5963  areaErr 0.0186  (63s)
ep  54/60  loss 0.2887  val IoU 0.5175  Dice 0.5950  areaErr 0.0187  (64s)
ep  55/60  loss 0.2913  val IoU 0.5168  Dice 0.5943  areaErr 0.0187  (65s)
ep  56/60  loss 0.2910  val IoU 0.5165  Dice 0.5939  areaErr 0.0187  (64s)
ep  57/60  loss 0.2927  val IoU 0.5168  Dice 0.5942  areaErr 0.0187  (66s)
ep  58/60  loss 0.2872  val IoU 0.5172  Dice 0.5947  areaErr 0.0187  (66s)
ep  59/60  loss 0.2936  val IoU 0.5171  Dice 0.5945  areaErr 0.0187  (63s)
ep  60/60  loss 0.2928  val IoU 0.5172  Dice 0.5946  areaErr 0.0187  (65s)

BEST val IoU 0.5286 (below 0.85 bar)  |  3.218M params  ->  /home/siddharth_amerahealthsolutions_c/weights_seg/octo_seg_v3_lraspp.pt
