device=cuda  pairs=4412  videos=77 (train 62 / val 15)  ->  train 3692 / val 720 frames
TinyUNet base_ch=32: 1.927M params (~7.7 MB fp32)
/home/siddharth_amerahealthsolutions_c/train_segmenter.py:184: FutureWarning: `torch.cuda.amp.GradScaler(args...)` is deprecated. Please use `torch.amp.GradScaler('cuda', args...)` instead.
  scaler = torch.cuda.amp.GradScaler(enabled=(device == "cuda"))
ep   1/40  loss 1.2183  val IoU 0.2255  Dice 0.3327  areaErr 0.0576  (29s)
ep   2/40  loss 1.0615  val IoU 0.3378  Dice 0.4493  areaErr 0.0358  (28s)
ep   3/40  loss 0.9569  val IoU 0.2931  Dice 0.4151  areaErr 0.0447  (28s)
ep   4/40  loss 0.8472  val IoU 0.3611  Dice 0.4792  areaErr 0.0406  (28s)
ep   5/40  loss 0.7623  val IoU 0.3347  Dice 0.4586  areaErr 0.0461  (27s)
ep   6/40  loss 0.6860  val IoU 0.3970  Dice 0.5126  areaErr 0.0324  (27s)
ep   7/40  loss 0.6253  val IoU 0.3758  Dice 0.5035  areaErr 0.0612  (27s)
ep   8/40  loss 0.5830  val IoU 0.2818  Dice 0.4052  areaErr 0.0703  (27s)
ep   9/40  loss 0.5416  val IoU 0.4198  Dice 0.5256  areaErr 0.0327  (27s)
ep  10/40  loss 0.5225  val IoU 0.4104  Dice 0.5183  areaErr 0.0376  (28s)
ep  11/40  loss 0.4985  val IoU 0.4101  Dice 0.5254  areaErr 0.0407  (27s)
ep  12/40  loss 0.4866  val IoU 0.4517  Dice 0.5583  areaErr 0.0369  (27s)
ep  13/40  loss 0.4723  val IoU 0.4447  Dice 0.5577  areaErr 0.0319  (26s)
ep  14/40  loss 0.4585  val IoU 0.4704  Dice 0.5742  areaErr 0.0364  (26s)
ep  15/40  loss 0.4440  val IoU 0.4216  Dice 0.5307  areaErr 0.0350  (28s)
ep  16/40  loss 0.4380  val IoU 0.4700  Dice 0.5767  areaErr 0.0417  (28s)
ep  17/40  loss 0.4316  val IoU 0.4485  Dice 0.5581  areaErr 0.0293  (28s)
ep  18/40  loss 0.4177  val IoU 0.4556  Dice 0.5627  areaErr 0.0291  (27s)
ep  19/40  loss 0.4074  val IoU 0.4699  Dice 0.5680  areaErr 0.0302  (28s)
ep  20/40  loss 0.3999  val IoU 0.4505  Dice 0.5618  areaErr 0.0319  (28s)
ep  21/40  loss 0.3883  val IoU 0.4709  Dice 0.5757  areaErr 0.0304  (27s)
ep  22/40  loss 0.3849  val IoU 0.4709  Dice 0.5762  areaErr 0.0265  (26s)
ep  23/40  loss 0.3814  val IoU 0.4572  Dice 0.5664  areaErr 0.0340  (28s)
ep  24/40  loss 0.3659  val IoU 0.4718  Dice 0.5730  areaErr 0.0326  (28s)
ep  25/40  loss 0.3611  val IoU 0.4743  Dice 0.5814  areaErr 0.0281  (27s)
ep  26/40  loss 0.3510  val IoU 0.4683  Dice 0.5697  areaErr 0.0305  (27s)
ep  27/40  loss 0.3421  val IoU 0.4699  Dice 0.5770  areaErr 0.0307  (27s)
ep  28/40  loss 0.3331  val IoU 0.4604  Dice 0.5662  areaErr 0.0308  (27s)
ep  29/40  loss 0.3287  val IoU 0.4600  Dice 0.5597  areaErr 0.0313  (26s)
ep  30/40  loss 0.3209  val IoU 0.4636  Dice 0.5681  areaErr 0.0306  (27s)
ep  31/40  loss 0.3170  val IoU 0.4636  Dice 0.5683  areaErr 0.0307  (27s)
ep  32/40  loss 0.3114  val IoU 0.4630  Dice 0.5663  areaErr 0.0303  (26s)
ep  33/40  loss 0.3078  val IoU 0.4583  Dice 0.5621  areaErr 0.0321  (26s)
ep  34/40  loss 0.3024  val IoU 0.4607  Dice 0.5654  areaErr 0.0313  (27s)
ep  35/40  loss 0.2984  val IoU 0.4600  Dice 0.5674  areaErr 0.0306  (26s)
ep  36/40  loss 0.2957  val IoU 0.4626  Dice 0.5684  areaErr 0.0304  (27s)
ep  37/40  loss 0.2940  val IoU 0.4613  Dice 0.5673  areaErr 0.0304  (27s)
ep  38/40  loss 0.2944  val IoU 0.4619  Dice 0.5685  areaErr 0.0305  (27s)
ep  39/40  loss 0.2913  val IoU 0.4621  Dice 0.5685  areaErr 0.0307  (27s)
ep  40/40  loss 0.2899  val IoU 0.4617  Dice 0.5680  areaErr 0.0305  (26s)

BEST val IoU 0.4743 (below 0.85 bar)  |  1.927M params  ->  /home/siddharth_amerahealthsolutions_c/weights_seg/octo_seg_v1_ch32.pt
