device=cuda  pairs=4412  videos=77 (train 62 / val 15)  ->  train 3692 / val 720 frames
TinyUNet base_ch=16: 0.483M params (~1.9 MB fp32)
/home/siddharth_amerahealthsolutions_c/train_segmenter.py:184: FutureWarning: `torch.cuda.amp.GradScaler(args...)` is deprecated. Please use `torch.amp.GradScaler('cuda', args...)` instead.
  scaler = torch.cuda.amp.GradScaler(enabled=(device == "cuda"))
ep   1/40  loss 1.4009  val IoU 0.2186  Dice 0.3125  areaErr 0.0517  (29s)
ep   2/40  loss 1.2508  val IoU 0.2198  Dice 0.3205  areaErr 0.0603  (28s)
ep   3/40  loss 1.1488  val IoU 0.3166  Dice 0.4212  areaErr 0.0331  (28s)
ep   4/40  loss 1.0565  val IoU 0.3211  Dice 0.4385  areaErr 0.0441  (28s)
ep   5/40  loss 0.9778  val IoU 0.3667  Dice 0.4770  areaErr 0.0352  (28s)
ep   6/40  loss 0.9092  val IoU 0.3416  Dice 0.4537  areaErr 0.0380  (28s)
ep   7/40  loss 0.8382  val IoU 0.3510  Dice 0.4699  areaErr 0.0409  (28s)
ep   8/40  loss 0.7760  val IoU 0.3999  Dice 0.5088  areaErr 0.0278  (28s)
ep   9/40  loss 0.7238  val IoU 0.3349  Dice 0.4607  areaErr 0.0587  (28s)
ep  10/40  loss 0.6675  val IoU 0.3858  Dice 0.4955  areaErr 0.0305  (27s)
ep  11/40  loss 0.6307  val IoU 0.3914  Dice 0.5025  areaErr 0.0345  (28s)
ep  12/40  loss 0.5948  val IoU 0.3983  Dice 0.5000  areaErr 0.0335  (28s)
ep  13/40  loss 0.5654  val IoU 0.3989  Dice 0.5156  areaErr 0.0470  (28s)
ep  14/40  loss 0.5424  val IoU 0.4073  Dice 0.5228  areaErr 0.0516  (28s)
ep  15/40  loss 0.5223  val IoU 0.4037  Dice 0.5152  areaErr 0.0358  (27s)
ep  16/40  loss 0.5094  val IoU 0.4116  Dice 0.5291  areaErr 0.0394  (27s)
ep  17/40  loss 0.4952  val IoU 0.4181  Dice 0.5262  areaErr 0.0313  (28s)
ep  18/40  loss 0.4806  val IoU 0.4223  Dice 0.5360  areaErr 0.0374  (28s)
ep  19/40  loss 0.4685  val IoU 0.4251  Dice 0.5347  areaErr 0.0315  (28s)
ep  20/40  loss 0.4620  val IoU 0.3976  Dice 0.5201  areaErr 0.0454  (28s)
ep  21/40  loss 0.4514  val IoU 0.4199  Dice 0.5339  areaErr 0.0392  (28s)
ep  22/40  loss 0.4404  val IoU 0.4352  Dice 0.5503  areaErr 0.0528  (28s)
ep  23/40  loss 0.4378  val IoU 0.4276  Dice 0.5429  areaErr 0.0362  (28s)
ep  24/40  loss 0.4285  val IoU 0.4194  Dice 0.5334  areaErr 0.0344  (28s)
ep  25/40  loss 0.4201  val IoU 0.4292  Dice 0.5413  areaErr 0.0319  (29s)
ep  26/40  loss 0.4136  val IoU 0.4308  Dice 0.5384  areaErr 0.0334  (28s)
ep  27/40  loss 0.4097  val IoU 0.4384  Dice 0.5470  areaErr 0.0337  (28s)
ep  28/40  loss 0.4021  val IoU 0.4319  Dice 0.5436  areaErr 0.0294  (28s)
ep  29/40  loss 0.3978  val IoU 0.4275  Dice 0.5424  areaErr 0.0455  (28s)
ep  30/40  loss 0.3952  val IoU 0.4358  Dice 0.5441  areaErr 0.0294  (27s)
ep  31/40  loss 0.3896  val IoU 0.4302  Dice 0.5409  areaErr 0.0315  (28s)
ep  32/40  loss 0.3857  val IoU 0.4264  Dice 0.5377  areaErr 0.0306  (27s)
ep  33/40  loss 0.3831  val IoU 0.4308  Dice 0.5420  areaErr 0.0368  (27s)
ep  34/40  loss 0.3777  val IoU 0.4352  Dice 0.5454  areaErr 0.0372  (28s)
ep  35/40  loss 0.3766  val IoU 0.4299  Dice 0.5410  areaErr 0.0331  (28s)
ep  36/40  loss 0.3775  val IoU 0.4349  Dice 0.5434  areaErr 0.0327  (28s)
ep  37/40  loss 0.3738  val IoU 0.4284  Dice 0.5404  areaErr 0.0348  (28s)
ep  38/40  loss 0.3703  val IoU 0.4322  Dice 0.5433  areaErr 0.0363  (28s)
ep  39/40  loss 0.3699  val IoU 0.4319  Dice 0.5425  areaErr 0.0352  (27s)
ep  40/40  loss 0.3722  val IoU 0.4314  Dice 0.5426  areaErr 0.0355  (19s)

BEST val IoU 0.4384 (below 0.85 bar)  |  0.483M params  ->  /home/siddharth_amerahealthsolutions_c/weights_seg/octo_seg_v1_ch16.pt
