device=cuda  pairs=4412  videos=77 (train 62 / val 15)  ->  train 3692 / val 720 frames
Downloading: "https://download.pytorch.org/models/mobilenet_v3_large-8738ca79.pth" to /home/siddharth_amerahealthsolutions_c/.cache/torch/hub/checkpoints/mobilenet_v3_large-8738ca79.pth
  0%|          | 0.00/21.1M [00:00<?, ?B/s] 16%|█▌        | 3.38M/21.1M [00:00<00:00, 35.3MB/s]100%|██████████| 21.1M/21.1M [00:00<00:00, 117MB/s] 
lraspp: 3.218M params (~12.9 MB fp32)
/home/siddharth_amerahealthsolutions_c/train_segmenter.py:215: FutureWarning: `torch.cuda.amp.GradScaler(args...)` is deprecated. Please use `torch.amp.GradScaler('cuda', args...)` instead.
  scaler = torch.cuda.amp.GradScaler(enabled=(device == "cuda"))
ep   1/60  loss 1.1084  val IoU 0.3621  Dice 0.4825  areaErr 0.0270  (15s)
ep   2/60  loss 0.7638  val IoU 0.4079  Dice 0.5329  areaErr 0.0261  (14s)
ep   3/60  loss 0.5868  val IoU 0.4201  Dice 0.5452  areaErr 0.0238  (14s)
ep   4/60  loss 0.5004  val IoU 0.4199  Dice 0.5475  areaErr 0.0278  (14s)
ep   5/60  loss 0.4536  val IoU 0.4364  Dice 0.5599  areaErr 0.0222  (14s)
ep   6/60  loss 0.4282  val IoU 0.4359  Dice 0.5611  areaErr 0.0244  (14s)
ep   7/60  loss 0.4027  val IoU 0.4535  Dice 0.5764  areaErr 0.0219  (14s)
ep   8/60  loss 0.3850  val IoU 0.4312  Dice 0.5516  areaErr 0.0282  (14s)
ep   9/60  loss 0.3628  val IoU 0.4361  Dice 0.5611  areaErr 0.0260  (14s)
ep  10/60  loss 0.3513  val IoU 0.4443  Dice 0.5643  areaErr 0.0258  (14s)
ep  11/60  loss 0.3407  val IoU 0.4288  Dice 0.5480  areaErr 0.0289  (14s)
ep  12/60  loss 0.3294  val IoU 0.4386  Dice 0.5585  areaErr 0.0281  (14s)
ep  13/60  loss 0.3213  val IoU 0.4539  Dice 0.5745  areaErr 0.0262  (14s)
ep  14/60  loss 0.3128  val IoU 0.4329  Dice 0.5491  areaErr 0.0304  (14s)
ep  15/60  loss 0.3049  val IoU 0.4252  Dice 0.5427  areaErr 0.0302  (14s)
ep  16/60  loss 0.3051  val IoU 0.4403  Dice 0.5613  areaErr 0.0260  (14s)
ep  17/60  loss 0.2909  val IoU 0.4316  Dice 0.5502  areaErr 0.0278  (14s)
ep  18/60  loss 0.2789  val IoU 0.4412  Dice 0.5586  areaErr 0.0281  (14s)
ep  19/60  loss 0.2741  val IoU 0.4459  Dice 0.5622  areaErr 0.0290  (14s)
ep  20/60  loss 0.2651  val IoU 0.4448  Dice 0.5648  areaErr 0.0278  (14s)
ep  21/60  loss 0.2603  val IoU 0.4428  Dice 0.5625  areaErr 0.0282  (14s)
ep  22/60  loss 0.2563  val IoU 0.4429  Dice 0.5595  areaErr 0.0277  (14s)
ep  23/60  loss 0.2528  val IoU 0.4366  Dice 0.5540  areaErr 0.0298  (14s)
ep  24/60  loss 0.2491  val IoU 0.4280  Dice 0.5427  areaErr 0.0305  (14s)
ep  25/60  loss 0.2430  val IoU 0.4413  Dice 0.5570  areaErr 0.0294  (14s)
ep  26/60  loss 0.2436  val IoU 0.4418  Dice 0.5570  areaErr 0.0286  (14s)
ep  27/60  loss 0.2427  val IoU 0.4414  Dice 0.5560  areaErr 0.0302  (14s)
ep  28/60  loss 0.2308  val IoU 0.4445  Dice 0.5597  areaErr 0.0299  (14s)
ep  29/60  loss 0.2281  val IoU 0.4379  Dice 0.5524  areaErr 0.0312  (14s)
ep  30/60  loss 0.2235  val IoU 0.4489  Dice 0.5628  areaErr 0.0291  (14s)
ep  31/60  loss 0.2205  val IoU 0.4510  Dice 0.5654  areaErr 0.0288  (14s)
ep  32/60  loss 0.2170  val IoU 0.4400  Dice 0.5566  areaErr 0.0301  (14s)
ep  33/60  loss 0.2157  val IoU 0.4472  Dice 0.5642  areaErr 0.0295  (14s)
ep  34/60  loss 0.2139  val IoU 0.4446  Dice 0.5595  areaErr 0.0290  (14s)
ep  35/60  loss 0.2104  val IoU 0.4501  Dice 0.5657  areaErr 0.0285  (14s)
ep  36/60  loss 0.2064  val IoU 0.4523  Dice 0.5659  areaErr 0.0288  (14s)
ep  37/60  loss 0.2033  val IoU 0.4450  Dice 0.5592  areaErr 0.0291  (14s)
ep  38/60  loss 0.2025  val IoU 0.4399  Dice 0.5544  areaErr 0.0296  (14s)
ep  39/60  loss 0.2004  val IoU 0.4450  Dice 0.5590  areaErr 0.0290  (14s)
ep  40/60  loss 0.1984  val IoU 0.4479  Dice 0.5617  areaErr 0.0285  (14s)
ep  41/60  loss 0.1970  val IoU 0.4455  Dice 0.5582  areaErr 0.0290  (14s)
ep  42/60  loss 0.1943  val IoU 0.4461  Dice 0.5596  areaErr 0.0290  (14s)
ep  43/60  loss 0.1943  val IoU 0.4508  Dice 0.5640  areaErr 0.0286  (14s)
ep  44/60  loss 0.1922  val IoU 0.4505  Dice 0.5649  areaErr 0.0284  (14s)
ep  45/60  loss 0.1905  val IoU 0.4459  Dice 0.5598  areaErr 0.0289  (14s)
ep  46/60  loss 0.1901  val IoU 0.4462  Dice 0.5593  areaErr 0.0289  (14s)
ep  47/60  loss 0.1888  val IoU 0.4455  Dice 0.5598  areaErr 0.0287  (14s)
ep  48/60  loss 0.1881  val IoU 0.4477  Dice 0.5613  areaErr 0.0289  (14s)
ep  49/60  loss 0.1876  val IoU 0.4476  Dice 0.5615  areaErr 0.0287  (14s)
ep  50/60  loss 0.1867  val IoU 0.4474  Dice 0.5614  areaErr 0.0287  (14s)
ep  51/60  loss 0.1861  val IoU 0.4447  Dice 0.5585  areaErr 0.0288  (14s)
ep  52/60  loss 0.1848  val IoU 0.4461  Dice 0.5598  areaErr 0.0287  (14s)
ep  53/60  loss 0.1850  val IoU 0.4465  Dice 0.5603  areaErr 0.0287  (14s)
ep  54/60  loss 0.1847  val IoU 0.4472  Dice 0.5611  areaErr 0.0287  (14s)
ep  55/60  loss 0.1847  val IoU 0.4464  Dice 0.5601  areaErr 0.0287  (14s)
ep  56/60  loss 0.1848  val IoU 0.4486  Dice 0.5624  areaErr 0.0286  (14s)
ep  57/60  loss 0.1840  val IoU 0.4471  Dice 0.5610  areaErr 0.0286  (14s)
ep  58/60  loss 0.1836  val IoU 0.4471  Dice 0.5609  areaErr 0.0286  (14s)
ep  59/60  loss 0.1834  val IoU 0.4476  Dice 0.5614  areaErr 0.0286  (14s)
ep  60/60  loss 0.1841  val IoU 0.4475  Dice 0.5613  areaErr 0.0286  (14s)

BEST val IoU 0.4539 (below 0.85 bar)  |  3.218M params  ->  /home/siddharth_amerahealthsolutions_c/weights_seg/octo_seg_v1_lraspp.pt
