device=cuda  pairs=4412  videos=77 (train 62 / val 15)  ->  train 3692 / val 720 frames
TinyUNet base_ch=8: 0.121M params (~0.5 MB fp32)
/home/siddharth_amerahealthsolutions_c/train_segmenter.py:184: FutureWarning: `torch.cuda.amp.GradScaler(args...)` is deprecated. Please use `torch.amp.GradScaler('cuda', args...)` instead.
  scaler = torch.cuda.amp.GradScaler(enabled=(device == "cuda"))
ep   1/40  loss 1.5984  val IoU 0.0956  Dice 0.1624  areaErr 0.0983  (28s)
ep   2/40  loss 1.4674  val IoU 0.1679  Dice 0.2620  areaErr 0.0764  (28s)
ep   3/40  loss 1.4047  val IoU 0.2017  Dice 0.3015  areaErr 0.0557  (28s)
ep   4/40  loss 1.3455  val IoU 0.2118  Dice 0.3101  areaErr 0.0614  (28s)
ep   5/40  loss 1.2926  val IoU 0.2146  Dice 0.3245  areaErr 0.0951  (28s)
ep   6/40  loss 1.2414  val IoU 0.2655  Dice 0.3747  areaErr 0.0454  (27s)
ep   7/40  loss 1.1948  val IoU 0.2737  Dice 0.3858  areaErr 0.0550  (28s)
ep   8/40  loss 1.1478  val IoU 0.2706  Dice 0.3894  areaErr 0.0509  (28s)
ep   9/40  loss 1.1077  val IoU 0.2679  Dice 0.3843  areaErr 0.0529  (27s)
ep  10/40  loss 1.0637  val IoU 0.2497  Dice 0.3644  areaErr 0.0594  (27s)
ep  11/40  loss 1.0238  val IoU 0.3299  Dice 0.4380  areaErr 0.0349  (28s)
ep  12/40  loss 0.9887  val IoU 0.3214  Dice 0.4215  areaErr 0.0346  (27s)
ep  13/40  loss 0.9543  val IoU 0.3593  Dice 0.4627  areaErr 0.0343  (27s)
ep  14/40  loss 0.9213  val IoU 0.3572  Dice 0.4705  areaErr 0.0389  (28s)
ep  15/40  loss 0.8917  val IoU 0.3502  Dice 0.4690  areaErr 0.0405  (28s)
ep  16/40  loss 0.8653  val IoU 0.3546  Dice 0.4678  areaErr 0.0382  (28s)
ep  17/40  loss 0.8379  val IoU 0.3216  Dice 0.4415  areaErr 0.0451  (27s)
ep  18/40  loss 0.8131  val IoU 0.3847  Dice 0.4920  areaErr 0.0365  (28s)
ep  19/40  loss 0.7909  val IoU 0.3458  Dice 0.4656  areaErr 0.0416  (27s)
ep  20/40  loss 0.7672  val IoU 0.3722  Dice 0.4882  areaErr 0.0378  (27s)
ep  21/40  loss 0.7492  val IoU 0.3730  Dice 0.4849  areaErr 0.0360  (27s)
ep  22/40  loss 0.7319  val IoU 0.3702  Dice 0.4848  areaErr 0.0384  (27s)
ep  23/40  loss 0.7149  val IoU 0.3794  Dice 0.4977  areaErr 0.0444  (27s)
ep  24/40  loss 0.7012  val IoU 0.3431  Dice 0.4704  areaErr 0.0598  (27s)
ep  25/40  loss 0.6905  val IoU 0.3919  Dice 0.5050  areaErr 0.0398  (27s)
ep  26/40  loss 0.6764  val IoU 0.3914  Dice 0.5039  areaErr 0.0372  (26s)
ep  27/40  loss 0.6657  val IoU 0.3956  Dice 0.5121  areaErr 0.0505  (28s)
ep  28/40  loss 0.6568  val IoU 0.3879  Dice 0.5103  areaErr 0.0573  (28s)
ep  29/40  loss 0.6458  val IoU 0.3850  Dice 0.5036  areaErr 0.0406  (27s)
ep  30/40  loss 0.6425  val IoU 0.3865  Dice 0.5048  areaErr 0.0407  (27s)
ep  31/40  loss 0.6349  val IoU 0.3977  Dice 0.5119  areaErr 0.0383  (27s)
ep  32/40  loss 0.6301  val IoU 0.3970  Dice 0.5121  areaErr 0.0395  (28s)
ep  33/40  loss 0.6254  val IoU 0.3898  Dice 0.5087  areaErr 0.0455  (28s)
ep  34/40  loss 0.6203  val IoU 0.3952  Dice 0.5101  areaErr 0.0393  (28s)
ep  35/40  loss 0.6170  val IoU 0.3935  Dice 0.5086  areaErr 0.0385  (27s)
ep  36/40  loss 0.6154  val IoU 0.3907  Dice 0.5070  areaErr 0.0411  (28s)
ep  37/40  loss 0.6152  val IoU 0.3958  Dice 0.5102  areaErr 0.0397  (27s)
ep  38/40  loss 0.6158  val IoU 0.3962  Dice 0.5104  areaErr 0.0401  (28s)
ep  39/40  loss 0.6125  val IoU 0.3954  Dice 0.5108  areaErr 0.0402  (28s)
ep  40/40  loss 0.6121  val IoU 0.3962  Dice 0.5126  areaErr 0.0421  (24s)

BEST val IoU 0.3977 (below 0.85 bar)  |  0.121M params  ->  /home/siddharth_amerahealthsolutions_c/weights_seg/octo_seg_v1_ch8.pt
