device=cuda  pairs=4601  videos=81 (train 65 / val 16)  ->  train 3929 / val 672 frames
lraspp: 3.218M params (~12.9 MB fp32)
/home/siddharth_amerahealthsolutions_c/train_segmenter.py:239: FutureWarning: `torch.cuda.amp.GradScaler(args...)` is deprecated. Please use `torch.amp.GradScaler('cuda', args...)` instead.
  scaler = torch.cuda.amp.GradScaler(enabled=(device == "cuda"))
ep   1/60  loss 1.0984  val IoU 0.3565  Dice 0.4831  areaErr 0.0463  (23s)
ep   2/60  loss 0.7596  val IoU 0.4042  Dice 0.5313  areaErr 0.0401  (23s)
ep   3/60  loss 0.6136  val IoU 0.3937  Dice 0.5152  areaErr 0.0413  (23s)
ep   4/60  loss 0.5557  val IoU 0.3906  Dice 0.5073  areaErr 0.0411  (23s)
ep   5/60  loss 0.5241  val IoU 0.4371  Dice 0.5580  areaErr 0.0395  (23s)
ep   6/60  loss 0.5006  val IoU 0.4325  Dice 0.5518  areaErr 0.0387  (24s)
ep   7/60  loss 0.4869  val IoU 0.4536  Dice 0.5725  areaErr 0.0362  (23s)
ep   8/60  loss 0.4753  val IoU 0.4526  Dice 0.5728  areaErr 0.0360  (24s)
ep   9/60  loss 0.4654  val IoU 0.4845  Dice 0.6079  areaErr 0.0311  (23s)
ep  10/60  loss 0.4471  val IoU 0.4597  Dice 0.5789  areaErr 0.0365  (23s)
ep  11/60  loss 0.4407  val IoU 0.4505  Dice 0.5723  areaErr 0.0338  (23s)
ep  12/60  loss 0.4306  val IoU 0.4331  Dice 0.5447  areaErr 0.0389  (23s)
ep  13/60  loss 0.4220  val IoU 0.4444  Dice 0.5576  areaErr 0.0389  (24s)
ep  14/60  loss 0.4184  val IoU 0.4386  Dice 0.5519  areaErr 0.0406  (27s)
ep  15/60  loss 0.4129  val IoU 0.4483  Dice 0.5607  areaErr 0.0396  (27s)
ep  16/60  loss 0.4065  val IoU 0.4664  Dice 0.5831  areaErr 0.0359  (27s)
ep  17/60  loss 0.3929  val IoU 0.4765  Dice 0.5927  areaErr 0.0337  (27s)
ep  18/60  loss 0.3903  val IoU 0.4767  Dice 0.5938  areaErr 0.0346  (32s)
ep  19/60  loss 0.3893  val IoU 0.4548  Dice 0.5661  areaErr 0.0388  (33s)
ep  20/60  loss 0.3815  val IoU 0.4774  Dice 0.5924  areaErr 0.0352  (33s)
ep  21/60  loss 0.3771  val IoU 0.4682  Dice 0.5842  areaErr 0.0355  (33s)
ep  22/60  loss 0.3775  val IoU 0.4701  Dice 0.5827  areaErr 0.0372  (34s)
ep  23/60  loss 0.3692  val IoU 0.4706  Dice 0.5825  areaErr 0.0367  (32s)
ep  24/60  loss 0.3680  val IoU 0.4855  Dice 0.5999  areaErr 0.0352  (29s)
ep  25/60  loss 0.3572  val IoU 0.4851  Dice 0.5981  areaErr 0.0343  (29s)
ep  26/60  loss 0.3570  val IoU 0.4867  Dice 0.5997  areaErr 0.0348  (29s)
ep  27/60  loss 0.3564  val IoU 0.4727  Dice 0.5824  areaErr 0.0373  (28s)
ep  28/60  loss 0.3535  val IoU 0.4851  Dice 0.5959  areaErr 0.0353  (23s)
ep  29/60  loss 0.3438  val IoU 0.4811  Dice 0.5920  areaErr 0.0346  (23s)
ep  30/60  loss 0.3450  val IoU 0.4727  Dice 0.5823  areaErr 0.0386  (23s)
ep  31/60  loss 0.3449  val IoU 0.4709  Dice 0.5807  areaErr 0.0371  (23s)
ep  32/60  loss 0.3432  val IoU 0.4841  Dice 0.5956  areaErr 0.0361  (24s)
ep  33/60  loss 0.3329  val IoU 0.4872  Dice 0.5982  areaErr 0.0351  (24s)
ep  34/60  loss 0.3330  val IoU 0.4848  Dice 0.5947  areaErr 0.0355  (24s)
ep  35/60  loss 0.3289  val IoU 0.4917  Dice 0.6035  areaErr 0.0351  (23s)
ep  36/60  loss 0.3304  val IoU 0.4809  Dice 0.5883  areaErr 0.0360  (23s)
ep  37/60  loss 0.3288  val IoU 0.4815  Dice 0.5910  areaErr 0.0364  (27s)
ep  38/60  loss 0.3248  val IoU 0.4798  Dice 0.5895  areaErr 0.0356  (29s)
ep  39/60  loss 0.3244  val IoU 0.4794  Dice 0.5892  areaErr 0.0359  (29s)
ep  40/60  loss 0.3165  val IoU 0.4843  Dice 0.5942  areaErr 0.0362  (29s)
ep  41/60  loss 0.3196  val IoU 0.4861  Dice 0.5963  areaErr 0.0356  (28s)
ep  42/60  loss 0.3155  val IoU 0.4916  Dice 0.6028  areaErr 0.0338  (28s)
ep  43/60  loss 0.3136  val IoU 0.4819  Dice 0.5920  areaErr 0.0354  (28s)
ep  44/60  loss 0.3125  val IoU 0.4917  Dice 0.6035  areaErr 0.0347  (28s)
ep  45/60  loss 0.3109  val IoU 0.4843  Dice 0.5936  areaErr 0.0354  (28s)
ep  46/60  loss 0.3082  val IoU 0.4871  Dice 0.5965  areaErr 0.0348  (28s)
ep  47/60  loss 0.3080  val IoU 0.4841  Dice 0.5938  areaErr 0.0352  (28s)
ep  48/60  loss 0.3066  val IoU 0.4844  Dice 0.5940  areaErr 0.0355  (28s)
ep  49/60  loss 0.3073  val IoU 0.4847  Dice 0.5942  areaErr 0.0353  (29s)
ep  50/60  loss 0.3047  val IoU 0.4841  Dice 0.5930  areaErr 0.0351  (28s)
ep  51/60  loss 0.3048  val IoU 0.4847  Dice 0.5941  areaErr 0.0356  (28s)
ep  52/60  loss 0.3036  val IoU 0.4853  Dice 0.5947  areaErr 0.0355  (27s)
ep  53/60  loss 0.3034  val IoU 0.4874  Dice 0.5967  areaErr 0.0353  (29s)
ep  54/60  loss 0.3047  val IoU 0.4876  Dice 0.5969  areaErr 0.0353  (28s)
ep  55/60  loss 0.3023  val IoU 0.4875  Dice 0.5966  areaErr 0.0353  (28s)
ep  56/60  loss 0.3025  val IoU 0.4862  Dice 0.5953  areaErr 0.0355  (29s)
ep  57/60  loss 0.3037  val IoU 0.4871  Dice 0.5962  areaErr 0.0355  (28s)
ep  58/60  loss 0.3017  val IoU 0.4868  Dice 0.5958  areaErr 0.0355  (28s)
ep  59/60  loss 0.3025  val IoU 0.4873  Dice 0.5964  areaErr 0.0354  (29s)
ep  60/60  loss 0.3021  val IoU 0.4868  Dice 0.5959  areaErr 0.0355  (28s)

BEST val IoU 0.4917 (below 0.85 bar)  |  3.218M params  ->  /home/siddharth_amerahealthsolutions_c/weights_seg/octo_seg_v2_lraspp.pt
