device=cuda  pairs=4412  videos=77 (train 62 / val 15)  ->  train 3692 / val 720 frames
lraspp: 3.218M params (~12.9 MB fp32)
/home/siddharth_amerahealthsolutions_c/train_segmenter.py:239: FutureWarning: `torch.cuda.amp.GradScaler(args...)` is deprecated. Please use `torch.amp.GradScaler('cuda', args...)` instead.
  scaler = torch.cuda.amp.GradScaler(enabled=(device == "cuda"))
ep   1/60  loss 1.0781  val IoU 0.3351  Dice 0.4576  areaErr 0.0300  (31s)
ep   2/60  loss 0.7615  val IoU 0.3664  Dice 0.4899  areaErr 0.0271  (29s)
ep   3/60  loss 0.6170  val IoU 0.3078  Dice 0.4109  areaErr 0.0317  (28s)
ep   4/60  loss 0.5514  val IoU 0.3681  Dice 0.4843  areaErr 0.0251  (26s)
ep   5/60  loss 0.5154  val IoU 0.3284  Dice 0.4324  areaErr 0.0320  (29s)
ep   6/60  loss 0.4982  val IoU 0.3291  Dice 0.4347  areaErr 0.0301  (28s)
ep   7/60  loss 0.4815  val IoU 0.3189  Dice 0.4182  areaErr 0.0280  (28s)
ep   8/60  loss 0.4653  val IoU 0.3137  Dice 0.4121  areaErr 0.0292  (28s)
ep   9/60  loss 0.4562  val IoU 0.3316  Dice 0.4268  areaErr 0.0255  (28s)
ep  10/60  loss 0.4426  val IoU 0.3744  Dice 0.4839  areaErr 0.0274  (28s)
ep  11/60  loss 0.4324  val IoU 0.4000  Dice 0.5157  areaErr 0.0273  (30s)
ep  12/60  loss 0.4290  val IoU 0.4267  Dice 0.5464  areaErr 0.0246  (27s)
ep  13/60  loss 0.4169  val IoU 0.4282  Dice 0.5476  areaErr 0.0288  (29s)
ep  14/60  loss 0.4168  val IoU 0.4537  Dice 0.5716  areaErr 0.0244  (29s)
ep  15/60  loss 0.4040  val IoU 0.4543  Dice 0.5729  areaErr 0.0235  (29s)
ep  16/60  loss 0.4047  val IoU 0.4459  Dice 0.5634  areaErr 0.0261  (28s)
ep  17/60  loss 0.3891  val IoU 0.4463  Dice 0.5616  areaErr 0.0239  (30s)
ep  18/60  loss 0.3897  val IoU 0.4301  Dice 0.5451  areaErr 0.0254  (29s)
ep  19/60  loss 0.3831  val IoU 0.4497  Dice 0.5673  areaErr 0.0247  (27s)
ep  20/60  loss 0.3794  val IoU 0.4474  Dice 0.5639  areaErr 0.0275  (30s)
ep  21/60  loss 0.3681  val IoU 0.4489  Dice 0.5630  areaErr 0.0268  (31s)
ep  22/60  loss 0.3654  val IoU 0.4574  Dice 0.5717  areaErr 0.0250  (30s)
ep  23/60  loss 0.3657  val IoU 0.4448  Dice 0.5628  areaErr 0.0260  (30s)
ep  24/60  loss 0.3607  val IoU 0.4625  Dice 0.5765  areaErr 0.0230  (29s)
ep  25/60  loss 0.3560  val IoU 0.4617  Dice 0.5764  areaErr 0.0232  (29s)
ep  26/60  loss 0.3550  val IoU 0.4700  Dice 0.5866  areaErr 0.0223  (28s)
ep  27/60  loss 0.3518  val IoU 0.4703  Dice 0.5846  areaErr 0.0234  (29s)
ep  28/60  loss 0.3406  val IoU 0.4647  Dice 0.5799  areaErr 0.0244  (30s)
ep  29/60  loss 0.3463  val IoU 0.4615  Dice 0.5770  areaErr 0.0243  (28s)
ep  30/60  loss 0.3379  val IoU 0.4661  Dice 0.5830  areaErr 0.0228  (29s)
ep  31/60  loss 0.3343  val IoU 0.4684  Dice 0.5822  areaErr 0.0240  (29s)
ep  32/60  loss 0.3378  val IoU 0.4542  Dice 0.5685  areaErr 0.0260  (28s)
ep  33/60  loss 0.3317  val IoU 0.4691  Dice 0.5854  areaErr 0.0231  (29s)
ep  34/60  loss 0.3270  val IoU 0.4533  Dice 0.5681  areaErr 0.0259  (28s)
ep  35/60  loss 0.3247  val IoU 0.4509  Dice 0.5649  areaErr 0.0256  (28s)
ep  36/60  loss 0.3219  val IoU 0.4672  Dice 0.5826  areaErr 0.0235  (29s)
ep  37/60  loss 0.3204  val IoU 0.4518  Dice 0.5657  areaErr 0.0266  (28s)
ep  38/60  loss 0.3188  val IoU 0.4566  Dice 0.5693  areaErr 0.0253  (29s)
ep  39/60  loss 0.3125  val IoU 0.4648  Dice 0.5795  areaErr 0.0239  (30s)
ep  40/60  loss 0.3135  val IoU 0.4730  Dice 0.5874  areaErr 0.0237  (29s)
ep  41/60  loss 0.3088  val IoU 0.4677  Dice 0.5811  areaErr 0.0240  (29s)
ep  42/60  loss 0.3125  val IoU 0.4655  Dice 0.5794  areaErr 0.0243  (29s)
ep  43/60  loss 0.3045  val IoU 0.4680  Dice 0.5809  areaErr 0.0236  (30s)
ep  44/60  loss 0.3042  val IoU 0.4607  Dice 0.5734  areaErr 0.0249  (29s)
ep  45/60  loss 0.3107  val IoU 0.4542  Dice 0.5663  areaErr 0.0259  (28s)
ep  46/60  loss 0.3073  val IoU 0.4635  Dice 0.5757  areaErr 0.0245  (30s)
ep  47/60  loss 0.3008  val IoU 0.4665  Dice 0.5797  areaErr 0.0243  (28s)
ep  48/60  loss 0.3008  val IoU 0.4607  Dice 0.5729  areaErr 0.0248  (29s)
ep  49/60  loss 0.2996  val IoU 0.4607  Dice 0.5723  areaErr 0.0250  (31s)
ep  50/60  loss 0.2991  val IoU 0.4527  Dice 0.5647  areaErr 0.0258  (30s)
ep  51/60  loss 0.2957  val IoU 0.4568  Dice 0.5686  areaErr 0.0252  (28s)
ep  52/60  loss 0.2968  val IoU 0.4569  Dice 0.5688  areaErr 0.0251  (32s)
ep  53/60  loss 0.2961  val IoU 0.4576  Dice 0.5694  areaErr 0.0251  (29s)
ep  54/60  loss 0.2947  val IoU 0.4605  Dice 0.5726  areaErr 0.0249  (28s)
ep  55/60  loss 0.2968  val IoU 0.4577  Dice 0.5694  areaErr 0.0251  (29s)
ep  56/60  loss 0.2957  val IoU 0.4574  Dice 0.5692  areaErr 0.0252  (28s)
ep  57/60  loss 0.2936  val IoU 0.4571  Dice 0.5687  areaErr 0.0252  (29s)
ep  58/60  loss 0.2952  val IoU 0.4568  Dice 0.5683  areaErr 0.0252  (29s)
ep  59/60  loss 0.2950  val IoU 0.4582  Dice 0.5698  areaErr 0.0251  (28s)
ep  60/60  loss 0.2963  val IoU 0.4572  Dice 0.5688  areaErr 0.0252  (29s)

BEST val IoU 0.4730 (below 0.85 bar)  |  3.218M params  ->  /home/siddharth_amerahealthsolutions_c/weights_seg/octo_seg_aug_lraspp.pt
